$ next build
   ▲ Next.js 15.1.3
   - Environments: .env.local

   Creating an optimized production build ...
 ✓ Compiled successfully
   Skipping validation of types
   Skipping linting
   Collecting page data ...
[chain] live project read failed/timed out; falling back to demo data. Error [ContractFunctionExecutionError]: HTTP request failed.

URL: https://rpc.testnet.chain.robinhood.com/
Request body: {"method":"eth_call","params":[{"data":"0xe935b7b1","to":"0x5ceFdd224435BCd5D15C168a8d49d1640bC2FA2d"},"latest"]}
 
Raw Call Arguments:
  to:    0x5ceFdd224435BCd5D15C168a8d49d1640bC2FA2d
  data:  0xe935b7b1
 
Contract Call:
  address:   0x5ceFdd224435BCd5D15C168a8d49d1640bC2FA2d
  function:  nextProjectId()

Docs: https://viem.sh/docs/contract/readContract
Details: fetch failed
Version: viem@2.56.3
    at S (C:\Users\fred\Documents\GitHub\ProtoRWA\frontend\.next\server\chunks\743.js:1:66862)
    at N (C:\Users\fred\Documents\GitHub\ProtoRWA\frontend\.next\server\chunks\743.js:1:67201)
    at async C (C:\Users\fred\Documents\GitHub\ProtoRWA\frontend\.next\server\chunks\4133.js:1:2975) {
  details: 'fetch failed',
  docsPath: '/docs/contract/readContract',
  metaMessages: [Array],
  shortMessage: 'HTTP request failed.',
  version: '2.56.3',
  abi: [Array],
  args: undefined,
  contractAddress: '0x5ceFdd224435BCd5D15C168a8d49d1640bC2FA2d',
  formattedArgs: undefined,
  functionName: 'nextProjectId',
  sender: undefined,
  [cause]: Error [CallExecutionError]: HTTP request failed.
  
  URL: https://rpc.testnet.chain.robinhood.com/
  Request body: {"method":"eth_call","params":[{"data":"0xe935b7b1","to":"0x5ceFdd224435BCd5D15C168a8d49d1640bC2FA2d"},"latest"]}
   
  Raw Call Arguments:
    to:    0x5ceFdd224435BCd5D15C168a8d49d1640bC2FA2d
    data:  0xe935b7b1
  
  Details: fetch failed
  Version: viem@2.56.3
      at s (C:\Users\fred\Documents\GitHub\ProtoRWA\frontend\.next\server\chunks\743.js:31:27031)
      at I (C:\Users\fred\Documents\GitHub\ProtoRWA\frontend\.next\server\chunks\743.js:1:62928)
      at async N (C:\Users\fred\Documents\GitHub\ProtoRWA\frontend\.next\server\chunks\743.js:1:67086)
      at async C (C:\Users\fred\Documents\GitHub\ProtoRWA\frontend\.next\server\chunks\4133.js:1:2975) {
    details: 'fetch failed',
    docsPath: undefined,
    metaMessages: [
      'URL: https://rpc.testnet.chain.robinhood.com/',
      'Request body: {"method":"eth_call","params":[{"data":"0xe935b7b1","to":"0x5ceFdd224435BCd5D15C168a8d49d1640bC2FA2d"},"latest"]}',
      ' ',
      'Raw Call Arguments:',
      '  to:    0x5ceFdd224435BCd5D15C168a8d49d1640bC2FA2d\n  data:  0xe935b7b1'
    ],
    shortMessage: 'HTTP request failed.',
    version: '2.56.3',
    [cause]: Error [HttpRequestError]: HTTP request failed.
    
    URL: https://rpc.testnet.chain.robinhood.com/
    Request body: {"method":"eth_call","params":[{"data":"0xe935b7b1","to":"0x5ceFdd224435BCd5D15C168a8d49d1640bC2FA2d"},"latest"]}
    
    Details: fetch failed
    Version: viem@2.56.3
        at <unknown> (HttpRequestError: HTTP request failed.)
        at Object.request (C:\Users\fred\Documents\GitHub\ProtoRWA\frontend\.next\server\chunks\743.js:4:26227)
        at async u (C:\Users\fred\Documents\GitHub\ProtoRWA\frontend\.next\server\chunks\743.js:4:29451)
        at async request (C:\Users\fred\Documents\GitHub\ProtoRWA\frontend\.next\server\chunks\743.js:4:29514)
        at async delay.count (C:\Users\fred\Documents\GitHub\ProtoRWA\frontend\.next\server\chunks\743.js:4:27397)
        at async u (C:\Users\fred\Documents\GitHub\ProtoRWA\frontend\.next\server\chunks\743.js:31:32114) {
      details: 'fetch failed',
      docsPath: undefined,
      metaMessages: [
        'URL: https://rpc.testnet.chain.robinhood.com/',
        'Request body: {"method":"eth_call","params":[{"data":"0xe935b7b1","to":"0x5ceFdd224435BCd5D15C168a8d49d1640bC2FA2d"},"latest"]}'
      ],
      shortMessage: 'HTTP request failed.',
      version: '2.56.3',
      body: { method: 'eth_call', params: [Array] },
      headers: undefined,
      status: undefined,
      url: 'https://rpc.testnet.chain.robinhood.com/',
      [cause]: [TypeError: fetch failed] {
        [cause]: [Error: getaddrinfo ENOTFOUND rpc.testnet.chain.robinhood.com] {
          errno: -3008,
          code: 'ENOTFOUND',
          syscall: 'getaddrinfo',
          hostname: 'rpc.testnet.chain.robinhood.com'
        }
      }
    }
  }
}
[chain] live project read failed/timed out; falling back to demo data. Error [ContractFunctionExecutionError]: HTTP request failed.

URL: https://rpc.testnet.chain.robinhood.com/
Request body: {"method":"eth_call","params":[{"data":"0xe935b7b1","to":"0x5ceFdd224435BCd5D15C168a8d49d1640bC2FA2d"},"latest"]}
 
Raw Call Arguments:
  to:    0x5ceFdd224435BCd5D15C168a8d49d1640bC2FA2d
  data:  0xe935b7b1
 
Contract Call:
  address:   0x5ceFdd224435BCd5D15C168a8d49d1640bC2FA2d
  function:  nextProjectId()

Docs: https://viem.sh/docs/contract/readContract
Details: fetch failed
Version: viem@2.56.3
    at S (C:\Users\fred\Documents\GitHub\ProtoRWA\frontend\.next\server\chunks\743.js:1:66862)
    at N (C:\Users\fred\Documents\GitHub\ProtoRWA\frontend\.next\server\chunks\743.js:1:67201)
    at async C (C:\Users\fred\Documents\GitHub\ProtoRWA\frontend\.next\server\chunks\4133.js:1:2975) {
  details: 'fetch failed',
  docsPath: '/docs/contract/readContract',
  metaMessages: [Array],
  shortMessage: 'HTTP request failed.',
  version: '2.56.3',
  abi: [Array],
  args: undefined,
  contractAddress: '0x5ceFdd224435BCd5D15C168a8d49d1640bC2FA2d',
  formattedArgs: undefined,
  functionName: 'nextProjectId',
  sender: undefined,
  [cause]: Error [CallExecutionError]: HTTP request failed.
  
  URL: https://rpc.testnet.chain.robinhood.com/
  Request body: {"method":"eth_call","params":[{"data":"0xe935b7b1","to":"0x5ceFdd224435BCd5D15C168a8d49d1640bC2FA2d"},"latest"]}
   
  Raw Call Arguments:
    to:    0x5ceFdd224435BCd5D15C168a8d49d1640bC2FA2d
    data:  0xe935b7b1
  
  Details: fetch failed
  Version: viem@2.56.3
      at s (C:\Users\fred\Documents\GitHub\ProtoRWA\frontend\.next\server\chunks\743.js:31:27031)
      at I (C:\Users\fred\Documents\GitHub\ProtoRWA\frontend\.next\server\chunks\743.js:1:62928)
      at async N (C:\Users\fred\Documents\GitHub\ProtoRWA\frontend\.next\server\chunks\743.js:1:67086)
      at async C (C:\Users\fred\Documents\GitHub\ProtoRWA\frontend\.next\server\chunks\4133.js:1:2975) {
    details: 'fetch failed',
    docsPath: undefined,
    metaMessages: [
      'URL: https://rpc.testnet.chain.robinhood.com/',
      'Request body: {"method":"eth_call","params":[{"data":"0xe935b7b1","to":"0x5ceFdd224435BCd5D15C168a8d49d1640bC2FA2d"},"latest"]}',
      ' ',
      'Raw Call Arguments:',
      '  to:    0x5ceFdd224435BCd5D15C168a8d49d1640bC2FA2d\n  data:  0xe935b7b1'
    ],
    shortMessage: 'HTTP request failed.',
    version: '2.56.3',
    [cause]: Error [HttpRequestError]: HTTP request failed.
    
    URL: https://rpc.testnet.chain.robinhood.com/
    Request body: {"method":"eth_call","params":[{"data":"0xe935b7b1","to":"0x5ceFdd224435BCd5D15C168a8d49d1640bC2FA2d"},"latest"]}
    
    Details: fetch failed
    Version: viem@2.56.3
        at <unknown> (HttpRequestError: HTTP request failed.)
        at Object.request (C:\Users\fred\Documents\GitHub\ProtoRWA\frontend\.next\server\chunks\743.js:4:26227)
        at async u (C:\Users\fred\Documents\GitHub\ProtoRWA\frontend\.next\server\chunks\743.js:4:29451)
        at async request (C:\Users\fred\Documents\GitHub\ProtoRWA\frontend\.next\server\chunks\743.js:4:29514)
        at async delay.count (C:\Users\fred\Documents\GitHub\ProtoRWA\frontend\.next\server\chunks\743.js:4:27397)
        at async u (C:\Users\fred\Documents\GitHub\ProtoRWA\frontend\.next\server\chunks\743.js:31:32114) {
      details: 'fetch failed',
      docsPath: undefined,
      metaMessages: [
        'URL: https://rpc.testnet.chain.robinhood.com/',
        'Request body: {"method":"eth_call","params":[{"data":"0xe935b7b1","to":"0x5ceFdd224435BCd5D15C168a8d49d1640bC2FA2d"},"latest"]}'
      ],
      shortMessage: 'HTTP request failed.',
      version: '2.56.3',
      body: { method: 'eth_call', params: [Array] },
      headers: undefined,
      status: undefined,
      url: 'https://rpc.testnet.chain.robinhood.com/',
      [cause]: [TypeError: fetch failed] {
        [cause]: [Error: getaddrinfo ENOTFOUND rpc.testnet.chain.robinhood.com] {
          errno: -3008,
          code: 'ENOTFOUND',
          syscall: 'getaddrinfo',
          hostname: 'rpc.testnet.chain.robinhood.com'
        }
      }
    }
  }
}
   Generating static pages (0/48) ...
[TypeError: fetch failed] {
  [cause]: [Error: getaddrinfo ENOTFOUND rpc.testnet.chain.robinhood.com] {
    errno: -3008,
    code: 'ENOTFOUND',
    syscall: 'getaddrinfo',
    hostname: 'rpc.testnet.chain.robinhood.com'
  }
}
[TypeError: fetch failed] {
  [cause]: [Error: getaddrinfo ENOTFOUND rpc.testnet.chain.robinhood.com] {
    errno: -3008,
    code: 'ENOTFOUND',
    syscall: 'getaddrinfo',
    hostname: 'rpc.testnet.chain.robinhood.com'
  }
}
[TypeError: fetch failed] {
  [cause]: [Error: getaddrinfo ENOTFOUND rpc.testnet.chain.robinhood.com] {
    errno: -3008,
    code: 'ENOTFOUND',
    syscall: 'getaddrinfo',
    hostname: 'rpc.testnet.chain.robinhood.com'
  }
}
[TypeError: fetch failed] {
  [cause]: [Error: getaddrinfo ENOTFOUND rpc.testnet.chain.robinhood.com] {
    errno: -3008,
    code: 'ENOTFOUND',
    syscall: 'getaddrinfo',
    hostname: 'rpc.testnet.chain.robinhood.com'
  }
}
[TypeError: fetch failed] {
  [cause]: [Error: getaddrinfo ENOTFOUND rpc.testnet.chain.robinhood.com] {
    errno: -3008,
    code: 'ENOTFOUND',
    syscall: 'getaddrinfo',
    hostname: 'rpc.testnet.chain.robinhood.com'
  }
}
[TypeError: fetch failed] {
  [cause]: [Error: getaddrinfo ENOTFOUND rpc.testnet.chain.robinhood.com] {
    errno: -3008,
    code: 'ENOTFOUND',
    syscall: 'getaddrinfo',
    hostname: 'rpc.testnet.chain.robinhood.com'
  }
}
[TypeError: fetch failed] {
  [cause]: [Error: getaddrinfo ENOTFOUND rpc.testnet.chain.robinhood.com] {
    errno: -3008,
    code: 'ENOTFOUND',
    syscall: 'getaddrinfo',
    hostname: 'rpc.testnet.chain.robinhood.com'
  }
}
[TypeError: fetch failed] {
  [cause]: [Error: getaddrinfo ENOTFOUND rpc.testnet.chain.robinhood.com] {
    errno: -3008,
    code: 'ENOTFOUND',
    syscall: 'getaddrinfo',
    hostname: 'rpc.testnet.chain.robinhood.com'
  }
}
[TypeError: fetch failed] {
  [cause]: [Error: getaddrinfo ENOTFOUND rpc.testnet.chain.robinhood.com] {
    errno: -3008,
    code: 'ENOTFOUND',
    syscall: 'getaddrinfo',
    hostname: 'rpc.testnet.chain.robinhood.com'
  }
}
[TypeError: fetch failed] {
  [cause]: [Error: getaddrinfo ENOTFOUND rpc.testnet.chain.robinhood.com] {
    errno: -3008,
    code: 'ENOTFOUND',
    syscall: 'getaddrinfo',
    hostname: 'rpc.testnet.chain.robinhood.com'
  }
}
[TypeError: fetch failed] {
  [cause]: [Error: getaddrinfo ENOTFOUND rpc.testnet.chain.robinhood.com] {
    errno: -3008,
    code: 'ENOTFOUND',
    syscall: 'getaddrinfo',
    hostname: 'rpc.testnet.chain.robinhood.com'
  }
}
[TypeError: fetch failed] {
  [cause]: [Error: getaddrinfo ENOTFOUND rpc.testnet.chain.robinhood.com] {
    errno: -3008,
    code: 'ENOTFOUND',
    syscall: 'getaddrinfo',
    hostname: 'rpc.testnet.chain.robinhood.com'
  }
}
[TypeError: fetch failed] {
  [cause]: [Error: getaddrinfo ENOTFOUND rpc.testnet.chain.robinhood.com] {
    errno: -3008,
    code: 'ENOTFOUND',
    syscall: 'getaddrinfo',
    hostname: 'rpc.testnet.chain.robinhood.com'
  }
}
[TypeError: fetch failed] {
  [cause]: [Error: getaddrinfo ENOTFOUND rpc.testnet.chain.robinhood.com] {
    errno: -3008,
    code: 'ENOTFOUND',
    syscall: 'getaddrinfo',
    hostname: 'rpc.testnet.chain.robinhood.com'
  }
}
[TypeError: fetch failed] {
  [cause]: [Error: getaddrinfo ENOTFOUND rpc.testnet.chain.robinhood.com] {
    errno: -3008,
    code: 'ENOTFOUND',
    syscall: 'getaddrinfo',
    hostname: 'rpc.testnet.chain.robinhood.com'
  }
}
[TypeError: fetch failed] {
  [cause]: [Error: getaddrinfo ENOTFOUND rpc.testnet.chain.robinhood.com] {
    errno: -3008,
    code: 'ENOTFOUND',
    syscall: 'getaddrinfo',
    hostname: 'rpc.testnet.chain.robinhood.com'
  }
}
[TypeError: fetch failed] {
  [cause]: [Error: getaddrinfo ENOTFOUND rpc.testnet.chain.robinhood.com] {
    errno: -3008,
    code: 'ENOTFOUND',
    syscall: 'getaddrinfo',
    hostname: 'rpc.testnet.chain.robinhood.com'
  }
}
[TypeError: fetch failed] {
  [cause]: [Error: getaddrinfo ENOTFOUND rpc.testnet.chain.robinhood.com] {
    errno: -3008,
    code: 'ENOTFOUND',
    syscall: 'getaddrinfo',
    hostname: 'rpc.testnet.chain.robinhood.com'
  }
}
[TypeError: fetch failed] {
  [cause]: [Error: getaddrinfo ENOTFOUND rpc.testnet.chain.robinhood.com] {
    errno: -3008,
    code: 'ENOTFOUND',
    syscall: 'getaddrinfo',
    hostname: 'rpc.testnet.chain.robinhood.com'
  }
}
[TypeError: fetch failed] {
  [cause]: [Error: getaddrinfo ENOTFOUND rpc.testnet.chain.robinhood.com] {
    errno: -3008,
    code: 'ENOTFOUND',
    syscall: 'getaddrinfo',
    hostname: 'rpc.testnet.chain.robinhood.com'
  }
}
[TypeError: fetch failed] {
  [cause]: [Error: getaddrinfo ENOTFOUND rpc.testnet.chain.robinhood.com] {
    errno: -3008,
    code: 'ENOTFOUND',
    syscall: 'getaddrinfo',
    hostname: 'rpc.testnet.chain.robinhood.com'
  }
}
[TypeError: fetch failed] {
  [cause]: [Error: getaddrinfo ENOTFOUND rpc.testnet.chain.robinhood.com] {
    errno: -3008,
    code: 'ENOTFOUND',
    syscall: 'getaddrinfo',
    hostname: 'rpc.testnet.chain.robinhood.com'
  }
}
[TypeError: fetch failed] {
  [cause]: [Error: getaddrinfo ENOTFOUND rpc.testnet.chain.robinhood.com] {
    errno: -3008,
    code: 'ENOTFOUND',
    syscall: 'getaddrinfo',
    hostname: 'rpc.testnet.chain.robinhood.com'
  }
}
[TypeError: fetch failed] {
  [cause]: [Error: getaddrinfo ENOTFOUND rpc.testnet.chain.robinhood.com] {
    errno: -3008,
    code: 'ENOTFOUND',
    syscall: 'getaddrinfo',
    hostname: 'rpc.testnet.chain.robinhood.com'
  }
}
[TypeError: fetch failed] {
  [cause]: [Error: getaddrinfo ENOTFOUND rpc.testnet.chain.robinhood.com] {
    errno: -3008,
    code: 'ENOTFOUND',
    syscall: 'getaddrinfo',
    hostname: 'rpc.testnet.chain.robinhood.com'
  }
}
[TypeError: fetch failed] {
  [cause]: [Error: getaddrinfo ENOTFOUND rpc.testnet.chain.robinhood.com] {
    errno: -3008,
    code: 'ENOTFOUND',
    syscall: 'getaddrinfo',
    hostname: 'rpc.testnet.chain.robinhood.com'
  }
}
[TypeError: fetch failed] {
  [cause]: [Error: getaddrinfo ENOTFOUND rpc.testnet.chain.robinhood.com] {
    errno: -3008,
    code: 'ENOTFOUND',
    syscall: 'getaddrinfo',
    hostname: 'rpc.testnet.chain.robinhood.com'
  }
}
[TypeError: fetch failed] {
  [cause]: [Error: getaddrinfo ENOTFOUND rpc.testnet.chain.robinhood.com] {
    errno: -3008,
    code: 'ENOTFOUND',
    syscall: 'getaddrinfo',
    hostname: 'rpc.testnet.chain.robinhood.com'
  }
}
[TypeError: fetch failed] {
  [cause]: [Error: getaddrinfo ENOTFOUND rpc.testnet.chain.robinhood.com] {
    errno: -3008,
    code: 'ENOTFOUND',
    syscall: 'getaddrinfo',
    hostname: 'rpc.testnet.chain.robinhood.com'
  }
}
[TypeError: fetch failed] {
  [cause]: [Error: getaddrinfo ENOTFOUND rpc.testnet.chain.robinhood.com] {
    errno: -3008,
    code: 'ENOTFOUND',
    syscall: 'getaddrinfo',
    hostname: 'rpc.testnet.chain.robinhood.com'
  }
}
[TypeError: fetch failed] {
  [cause]: [Error: getaddrinfo ENOTFOUND rpc.testnet.chain.robinhood.com] {
    errno: -3008,
    code: 'ENOTFOUND',
    syscall: 'getaddrinfo',
    hostname: 'rpc.testnet.chain.robinhood.com'
  }
}
[TypeError: fetch failed] {
  [cause]: [Error: getaddrinfo ENOTFOUND rpc.testnet.chain.robinhood.com] {
    errno: -3008,
    code: 'ENOTFOUND',
    syscall: 'getaddrinfo',
    hostname: 'rpc.testnet.chain.robinhood.com'
  }
}
[TypeError: fetch failed] {
  [cause]: [Error: getaddrinfo ENOTFOUND rpc.testnet.chain.robinhood.com] {
    errno: -3008,
    code: 'ENOTFOUND',
    syscall: 'getaddrinfo',
    hostname: 'rpc.testnet.chain.robinhood.com'
  }
}
[TypeError: fetch failed] {
  [cause]: [Error: getaddrinfo ENOTFOUND rpc.testnet.chain.robinhood.com] {
    errno: -3008,
    code: 'ENOTFOUND',
    syscall: 'getaddrinfo',
    hostname: 'rpc.testnet.chain.robinhood.com'
  }
}
[TypeError: fetch failed] {
  [cause]: [Error: getaddrinfo ENOTFOUND rpc.testnet.chain.robinhood.com] {
    errno: -3008,
    code: 'ENOTFOUND',
    syscall: 'getaddrinfo',
    hostname: 'rpc.testnet.chain.robinhood.com'
  }
}
[TypeError: fetch failed] {
  [cause]: [Error: getaddrinfo ENOTFOUND rpc.testnet.chain.robinhood.com] {
    errno: -3008,
    code: 'ENOTFOUND',
    syscall: 'getaddrinfo',
    hostname: 'rpc.testnet.chain.robinhood.com'
  }
}
[TypeError: fetch failed] {
  [cause]: [Error: getaddrinfo ENOTFOUND rpc.testnet.chain.robinhood.com] {
    errno: -3008,
    code: 'ENOTFOUND',
    syscall: 'getaddrinfo',
    hostname: 'rpc.testnet.chain.robinhood.com'
  }
}
[TypeError: fetch failed] {
  [cause]: [Error: getaddrinfo ENOTFOUND rpc.testnet.chain.robinhood.com] {
    errno: -3008,
    code: 'ENOTFOUND',
    syscall: 'getaddrinfo',
    hostname: 'rpc.testnet.chain.robinhood.com'
  }
}
[TypeError: fetch failed] {
  [cause]: [Error: getaddrinfo ENOTFOUND rpc.testnet.chain.robinhood.com] {
    errno: -3008,
    code: 'ENOTFOUND',
    syscall: 'getaddrinfo',
    hostname: 'rpc.testnet.chain.robinhood.com'
  }
}
[TypeError: fetch failed] {
  [cause]: [Error: getaddrinfo ENOTFOUND rpc.testnet.chain.robinhood.com] {
    errno: -3008,
    code: 'ENOTFOUND',
    syscall: 'getaddrinfo',
    hostname: 'rpc.testnet.chain.robinhood.com'
  }
}
[TypeError: fetch failed] {
  [cause]: [Error: getaddrinfo ENOTFOUND rpc.testnet.chain.robinhood.com] {
    errno: -3008,
    code: 'ENOTFOUND',
    syscall: 'getaddrinfo',
    hostname: 'rpc.testnet.chain.robinhood.com'
  }
}
[TypeError: fetch failed] {
  [cause]: [Error: getaddrinfo ENOTFOUND rpc.testnet.chain.robinhood.com] {
    errno: -3008,
    code: 'ENOTFOUND',
    syscall: 'getaddrinfo',
    hostname: 'rpc.testnet.chain.robinhood.com'
  }
}
[TypeError: fetch failed] {
  [cause]: [Error: getaddrinfo ENOTFOUND rpc.testnet.chain.robinhood.com] {
    errno: -3008,
    code: 'ENOTFOUND',
    syscall: 'getaddrinfo',
    hostname: 'rpc.testnet.chain.robinhood.com'
  }
}
[TypeError: fetch failed] {
  [cause]: [Error: getaddrinfo ENOTFOUND rpc.testnet.chain.robinhood.com] {
    errno: -3008,
    code: 'ENOTFOUND',
    syscall: 'getaddrinfo',
    hostname: 'rpc.testnet.chain.robinhood.com'
  }
}
[TypeError: fetch failed] {
  [cause]: [Error: getaddrinfo ENOTFOUND rpc.testnet.chain.robinhood.com] {
    errno: -3008,
    code: 'ENOTFOUND',
    syscall: 'getaddrinfo',
    hostname: 'rpc.testnet.chain.robinhood.com'
  }
}
[TypeError: fetch failed] {
  [cause]: [Error: getaddrinfo ENOTFOUND rpc.testnet.chain.robinhood.com] {
    errno: -3008,
    code: 'ENOTFOUND',
    syscall: 'getaddrinfo',
    hostname: 'rpc.testnet.chain.robinhood.com'
  }
}
[TypeError: fetch failed] {
  [cause]: [Error: getaddrinfo ENOTFOUND rpc.testnet.chain.robinhood.com] {
    errno: -3008,
    code: 'ENOTFOUND',
    syscall: 'getaddrinfo',
    hostname: 'rpc.testnet.chain.robinhood.com'
  }
}
[TypeError: fetch failed] {
  [cause]: [Error: getaddrinfo ENOTFOUND rpc.testnet.chain.robinhood.com] {
    errno: -3008,
    code: 'ENOTFOUND',
    syscall: 'getaddrinfo',
    hostname: 'rpc.testnet.chain.robinhood.com'
  }
}
[TypeError: fetch failed] {
  [cause]: [Error: getaddrinfo ENOTFOUND rpc.testnet.chain.robinhood.com] {
    errno: -3008,
    code: 'ENOTFOUND',
    syscall: 'getaddrinfo',
    hostname: 'rpc.testnet.chain.robinhood.com'
  }
}
[TypeError: fetch failed] {
  [cause]: [Error: getaddrinfo ENOTFOUND rpc.testnet.chain.robinhood.com] {
    errno: -3008,
    code: 'ENOTFOUND',
    syscall: 'getaddrinfo',
    hostname: 'rpc.testnet.chain.robinhood.com'
  }
}
[chain] live project read failed/timed out; falling back to demo data. Error: live read exceeded 8000ms
    at Timeout._onTimeout (C:\Users\fred\Documents\GitHub\ProtoRWA\frontend\.next\server\chunks\4133.js:1:2422)
[chain] live project read failed/timed out; falling back to demo data. Error: live read exceeded 8000ms
    at Timeout._onTimeout (C:\Users\fred\Documents\GitHub\ProtoRWA\frontend\.next\server\chunks\4133.js:1:2422)
   Generating static pages (12/48) 
[TypeError: fetch failed] {
  [cause]: [Error: getaddrinfo ENOTFOUND rpc.testnet.chain.robinhood.com] {
    errno: -3008,
    code: 'ENOTFOUND',
    syscall: 'getaddrinfo',
    hostname: 'rpc.testnet.chain.robinhood.com'
  }
}
[TypeError: fetch failed] {
  [cause]: [Error: getaddrinfo ENOTFOUND rpc.testnet.chain.robinhood.com] {
    errno: -3008,
    code: 'ENOTFOUND',
    syscall: 'getaddrinfo',
    hostname: 'rpc.testnet.chain.robinhood.com'
  }
}
[TypeError: fetch failed] {
  [cause]: [Error: getaddrinfo ENOTFOUND rpc.testnet.chain.robinhood.com] {
    errno: -3008,
    code: 'ENOTFOUND',
    syscall: 'getaddrinfo',
    hostname: 'rpc.testnet.chain.robinhood.com'
  }
}
[TypeError: fetch failed] {
  [cause]: [Error: getaddrinfo ENOTFOUND rpc.testnet.chain.robinhood.com] {
    errno: -3008,
    code: 'ENOTFOUND',
    syscall: 'getaddrinfo',
    hostname: 'rpc.testnet.chain.robinhood.com'
  }
}
[TypeError: fetch failed] {
  [cause]: [Error: getaddrinfo ENOTFOUND rpc.testnet.chain.robinhood.com] {
    errno: -3008,
    code: 'ENOTFOUND',
    syscall: 'getaddrinfo',
    hostname: 'rpc.testnet.chain.robinhood.com'
  }
}
[TypeError: fetch failed] {
  [cause]: [Error: getaddrinfo ENOTFOUND rpc.testnet.chain.robinhood.com] {
    errno: -3008,
    code: 'ENOTFOUND',
    syscall: 'getaddrinfo',
    hostname: 'rpc.testnet.chain.robinhood.com'
  }
}
[TypeError: fetch failed] {
  [cause]: [Error: getaddrinfo ENOTFOUND rpc.testnet.chain.robinhood.com] {
    errno: -3008,
    code: 'ENOTFOUND',
    syscall: 'getaddrinfo',
    hostname: 'rpc.testnet.chain.robinhood.com'
  }
}
[TypeError: fetch failed] {
  [cause]: [Error: getaddrinfo ENOTFOUND rpc.testnet.chain.robinhood.com] {
    errno: -3008,
    code: 'ENOTFOUND',
    syscall: 'getaddrinfo',
    hostname: 'rpc.testnet.chain.robinhood.com'
  }
}
[TypeError: fetch failed] {
  [cause]: [Error: getaddrinfo ENOTFOUND rpc.testnet.chain.robinhood.com] {
    errno: -3008,
    code: 'ENOTFOUND',
    syscall: 'getaddrinfo',
    hostname: 'rpc.testnet.chain.robinhood.com'
  }
}
[TypeError: fetch failed] {
  [cause]: [Error: getaddrinfo ENOTFOUND rpc.testnet.chain.robinhood.com] {
    errno: -3008,
    code: 'ENOTFOUND',
    syscall: 'getaddrinfo',
    hostname: 'rpc.testnet.chain.robinhood.com'
  }
}
[TypeError: fetch failed] {
  [cause]: [Error: getaddrinfo ENOTFOUND rpc.testnet.chain.robinhood.com] {
    errno: -3008,
    code: 'ENOTFOUND',
    syscall: 'getaddrinfo',
    hostname: 'rpc.testnet.chain.robinhood.com'
  }
}
[TypeError: fetch failed] {
  [cause]: [Error: getaddrinfo ENOTFOUND rpc.testnet.chain.robinhood.com] {
    errno: -3008,
    code: 'ENOTFOUND',
    syscall: 'getaddrinfo',
    hostname: 'rpc.testnet.chain.robinhood.com'
  }
}
[TypeError: fetch failed] {
  [cause]: [Error: getaddrinfo ENOTFOUND rpc.testnet.chain.robinhood.com] {
    errno: -3008,
    code: 'ENOTFOUND',
    syscall: 'getaddrinfo',
    hostname: 'rpc.testnet.chain.robinhood.com'
  }
}
[TypeError: fetch failed] {
  [cause]: [Error: getaddrinfo ENOTFOUND rpc.testnet.chain.robinhood.com] {
    errno: -3008,
    code: 'ENOTFOUND',
    syscall: 'getaddrinfo',
    hostname: 'rpc.testnet.chain.robinhood.com'
  }
}
[TypeError: fetch failed] {
  [cause]: [Error: getaddrinfo ENOTFOUND rpc.testnet.chain.robinhood.com] {
    errno: -3008,
    code: 'ENOTFOUND',
    syscall: 'getaddrinfo',
    hostname: 'rpc.testnet.chain.robinhood.com'
  }
}
[TypeError: fetch failed] {
  [cause]: [Error: getaddrinfo ENOTFOUND rpc.testnet.chain.robinhood.com] {
    errno: -3008,
    code: 'ENOTFOUND',
    syscall: 'getaddrinfo',
    hostname: 'rpc.testnet.chain.robinhood.com'
  }
}
[TypeError: fetch failed] {
  [cause]: [Error: getaddrinfo ENOTFOUND rpc.testnet.chain.robinhood.com] {
    errno: -3008,
    code: 'ENOTFOUND',
    syscall: 'getaddrinfo',
    hostname: 'rpc.testnet.chain.robinhood.com'
  }
}
[TypeError: fetch failed] {
  [cause]: [Error: getaddrinfo ENOTFOUND rpc.testnet.chain.robinhood.com] {
    errno: -3008,
    code: 'ENOTFOUND',
    syscall: 'getaddrinfo',
    hostname: 'rpc.testnet.chain.robinhood.com'
  }
}
[TypeError: fetch failed] {
  [cause]: [Error: getaddrinfo ENOTFOUND rpc.testnet.chain.robinhood.com] {
    errno: -3008,
    code: 'ENOTFOUND',
    syscall: 'getaddrinfo',
    hostname: 'rpc.testnet.chain.robinhood.com'
  }
}
[TypeError: fetch failed] {
  [cause]: [Error: getaddrinfo ENOTFOUND rpc.testnet.chain.robinhood.com] {
    errno: -3008,
    code: 'ENOTFOUND',
    syscall: 'getaddrinfo',
    hostname: 'rpc.testnet.chain.robinhood.com'
  }
}
[TypeError: fetch failed] {
  [cause]: [Error: getaddrinfo ENOTFOUND rpc.testnet.chain.robinhood.com] {
    errno: -3008,
    code: 'ENOTFOUND',
    syscall: 'getaddrinfo',
    hostname: 'rpc.testnet.chain.robinhood.com'
  }
}
[TypeError: fetch failed] {
  [cause]: [Error: getaddrinfo ENOTFOUND rpc.testnet.chain.robinhood.com] {
    errno: -3008,
    code: 'ENOTFOUND',
    syscall: 'getaddrinfo',
    hostname: 'rpc.testnet.chain.robinhood.com'
  }
}
[TypeError: fetch failed] {
  [cause]: [Error: getaddrinfo ENOTFOUND rpc.testnet.chain.robinhood.com] {
    errno: -3008,
    code: 'ENOTFOUND',
    syscall: 'getaddrinfo',
    hostname: 'rpc.testnet.chain.robinhood.com'
  }
}
[TypeError: fetch failed] {
  [cause]: [Error: getaddrinfo ENOTFOUND rpc.testnet.chain.robinhood.com] {
    errno: -3008,
    code: 'ENOTFOUND',
    syscall: 'getaddrinfo',
    hostname: 'rpc.testnet.chain.robinhood.com'
  }
}
[TypeError: fetch failed] {
  [cause]: [Error: getaddrinfo ENOTFOUND rpc.testnet.chain.robinhood.com] {
    errno: -3008,
    code: 'ENOTFOUND',
    syscall: 'getaddrinfo',
    hostname: 'rpc.testnet.chain.robinhood.com'
  }
}
[chain] live project read failed/timed out; falling back to demo data. Error: live read exceeded 8000ms
    at Timeout._onTimeout (C:\Users\fred\Documents\GitHub\ProtoRWA\frontend\.next\server\chunks\4133.js:1:2422)
[chain] live project read failed/timed out; falling back to demo data. Error: live read exceeded 8000ms
    at Timeout._onTimeout (C:\Users\fred\Documents\GitHub\ProtoRWA\frontend\.next\server\chunks\4133.js:1:2422)
   Generating static pages (24/48) 
[TypeError: fetch failed] {
  [cause]: [Error: getaddrinfo ENOTFOUND rpc.testnet.chain.robinhood.com] {
    errno: -3008,
    code: 'ENOTFOUND',
    syscall: 'getaddrinfo',
    hostname: 'rpc.testnet.chain.robinhood.com'
  }
}
[TypeError: fetch failed] {
  [cause]: [Error: getaddrinfo ENOTFOUND rpc.testnet.chain.robinhood.com] {
    errno: -3008,
    code: 'ENOTFOUND',
    syscall: 'getaddrinfo',
    hostname: 'rpc.testnet.chain.robinhood.com'
  }
}
[TypeError: fetch failed] {
  [cause]: [Error: getaddrinfo ENOTFOUND rpc.testnet.chain.robinhood.com] {
    errno: -3008,
    code: 'ENOTFOUND',
    syscall: 'getaddrinfo',
    hostname: 'rpc.testnet.chain.robinhood.com'
  }
}
[TypeError: fetch failed] {
  [cause]: [Error: getaddrinfo ENOTFOUND rpc.testnet.chain.robinhood.com] {
    errno: -3008,
    code: 'ENOTFOUND',
    syscall: 'getaddrinfo',
    hostname: 'rpc.testnet.chain.robinhood.com'
  }
}
[TypeError: fetch failed] {
  [cause]: [Error: getaddrinfo ENOTFOUND rpc.testnet.chain.robinhood.com] {
    errno: -3008,
    code: 'ENOTFOUND',
    syscall: 'getaddrinfo',
    hostname: 'rpc.testnet.chain.robinhood.com'
  }
}
[TypeError: fetch failed] {
  [cause]: [Error: getaddrinfo ENOTFOUND rpc.testnet.chain.robinhood.com] {
    errno: -3008,
    code: 'ENOTFOUND',
    syscall: 'getaddrinfo',
    hostname: 'rpc.testnet.chain.robinhood.com'
  }
}
[TypeError: fetch failed] {
  [cause]: [Error: getaddrinfo ENOTFOUND rpc.testnet.chain.robinhood.com] {
    errno: -3008,
    code: 'ENOTFOUND',
    syscall: 'getaddrinfo',
    hostname: 'rpc.testnet.chain.robinhood.com'
  }
}
[TypeError: fetch failed] {
  [cause]: [Error: getaddrinfo ENOTFOUND rpc.testnet.chain.robinhood.com] {
    errno: -3008,
    code: 'ENOTFOUND',
    syscall: 'getaddrinfo',
    hostname: 'rpc.testnet.chain.robinhood.com'
  }
}
[TypeError: fetch failed] {
  [cause]: [Error: getaddrinfo ENOTFOUND rpc.testnet.chain.robinhood.com] {
    errno: -3008,
    code: 'ENOTFOUND',
    syscall: 'getaddrinfo',
    hostname: 'rpc.testnet.chain.robinhood.com'
  }
}
[TypeError: fetch failed] {
  [cause]: [Error: getaddrinfo ENOTFOUND rpc.testnet.chain.robinhood.com] {
    errno: -3008,
    code: 'ENOTFOUND',
    syscall: 'getaddrinfo',
    hostname: 'rpc.testnet.chain.robinhood.com'
  }
}
[TypeError: fetch failed] {
  [cause]: [Error: getaddrinfo ENOTFOUND rpc.testnet.chain.robinhood.com] {
    errno: -3008,
    code: 'ENOTFOUND',
    syscall: 'getaddrinfo',
    hostname: 'rpc.testnet.chain.robinhood.com'
  }
}
[TypeError: fetch failed] {
  [cause]: [Error: getaddrinfo ENOTFOUND rpc.testnet.chain.robinhood.com] {
    errno: -3008,
    code: 'ENOTFOUND',
    syscall: 'getaddrinfo',
    hostname: 'rpc.testnet.chain.robinhood.com'
  }
}
[TypeError: fetch failed] {
  [cause]: [Error: getaddrinfo ENOTFOUND rpc.testnet.chain.robinhood.com] {
    errno: -3008,
    code: 'ENOTFOUND',
    syscall: 'getaddrinfo',
    hostname: 'rpc.testnet.chain.robinhood.com'
  }
}
[TypeError: fetch failed] {
  [cause]: [Error: getaddrinfo ENOTFOUND rpc.testnet.chain.robinhood.com] {
    errno: -3008,
    code: 'ENOTFOUND',
    syscall: 'getaddrinfo',
    hostname: 'rpc.testnet.chain.robinhood.com'
  }
}
[TypeError: fetch failed] {
  [cause]: [Error: getaddrinfo ENOTFOUND rpc.testnet.chain.robinhood.com] {
    errno: -3008,
    code: 'ENOTFOUND',
    syscall: 'getaddrinfo',
    hostname: 'rpc.testnet.chain.robinhood.com'
  }
}
[TypeError: fetch failed] {
  [cause]: [Error: getaddrinfo ENOTFOUND rpc.testnet.chain.robinhood.com] {
    errno: -3008,
    code: 'ENOTFOUND',
    syscall: 'getaddrinfo',
    hostname: 'rpc.testnet.chain.robinhood.com'
  }
}
[TypeError: fetch failed] {
  [cause]: [Error: getaddrinfo ENOTFOUND rpc.testnet.chain.robinhood.com] {
    errno: -3008,
    code: 'ENOTFOUND',
    syscall: 'getaddrinfo',
    hostname: 'rpc.testnet.chain.robinhood.com'
  }
}
[TypeError: fetch failed] {
  [cause]: [Error: getaddrinfo ENOTFOUND rpc.testnet.chain.robinhood.com] {
    errno: -3008,
    code: 'ENOTFOUND',
    syscall: 'getaddrinfo',
    hostname: 'rpc.testnet.chain.robinhood.com'
  }
}
[TypeError: fetch failed] {
  [cause]: [Error: getaddrinfo ENOTFOUND rpc.testnet.chain.robinhood.com] {
    errno: -3008,
    code: 'ENOTFOUND',
    syscall: 'getaddrinfo',
    hostname: 'rpc.testnet.chain.robinhood.com'
  }
}
[TypeError: fetch failed] {
  [cause]: [Error: getaddrinfo ENOTFOUND rpc.testnet.chain.robinhood.com] {
    errno: -3008,
    code: 'ENOTFOUND',
    syscall: 'getaddrinfo',
    hostname: 'rpc.testnet.chain.robinhood.com'
  }
}
[TypeError: fetch failed] {
  [cause]: [Error: getaddrinfo ENOTFOUND rpc.testnet.chain.robinhood.com] {
    errno: -3008,
    code: 'ENOTFOUND',
    syscall: 'getaddrinfo',
    hostname: 'rpc.testnet.chain.robinhood.com'
  }
}
[TypeError: fetch failed] {
  [cause]: [Error: getaddrinfo ENOTFOUND rpc.testnet.chain.robinhood.com] {
    errno: -3008,
    code: 'ENOTFOUND',
    syscall: 'getaddrinfo',
    hostname: 'rpc.testnet.chain.robinhood.com'
  }
}
[TypeError: fetch failed] {
  [cause]: [Error: getaddrinfo ENOTFOUND rpc.testnet.chain.robinhood.com] {
    errno: -3008,
    code: 'ENOTFOUND',
    syscall: 'getaddrinfo',
    hostname: 'rpc.testnet.chain.robinhood.com'
  }
}
[TypeError: fetch failed] {
  [cause]: [Error: getaddrinfo ENOTFOUND rpc.testnet.chain.robinhood.com] {
    errno: -3008,
    code: 'ENOTFOUND',
    syscall: 'getaddrinfo',
    hostname: 'rpc.testnet.chain.robinhood.com'
  }
}
[TypeError: fetch failed] {
  [cause]: [Error: getaddrinfo ENOTFOUND rpc.testnet.chain.robinhood.com] {
    errno: -3008,
    code: 'ENOTFOUND',
    syscall: 'getaddrinfo',
    hostname: 'rpc.testnet.chain.robinhood.com'
  }
}
   Generating static pages (36/48) 
[chain] live project read failed/timed out; falling back to demo data. Error: live read exceeded 8000ms
    at Timeout._onTimeout (C:\Users\fred\Documents\GitHub\ProtoRWA\frontend\.next\server\chunks\4133.js:1:2422)
[chain] live project read failed/timed out; falling back to demo data. Error: live read exceeded 8000ms
    at Timeout._onTimeout (C:\Users\fred\Documents\GitHub\ProtoRWA\frontend\.next\server\chunks\4133.js:1:2422)
 ✓ Generating static pages (48/48)
   Finalizing page optimization ...
   Collecting build traces ...

Route (app)                                            Size     First Load JS
┌ ○ /                                                  189 B           117 kB
├ ○ /_not-found                                        988 B           109 kB
├ ○ /about                                             201 B           112 kB
├ ○ /account                                           5.42 kB         135 kB
├ ○ /account/audit                                     6.24 kB         140 kB
├ ○ /admin                                             7.87 kB         359 kB
├ ƒ /api/ai/assist                                     149 B           108 kB
├ ƒ /api/upload                                        149 B           108 kB
├ ● /dashboard/[role]                                  11.7 kB         438 kB
├   ├ /dashboard/investor
├   ├ /dashboard/founder
├   └ /dashboard/admin
├ ○ /explore                                           8.69 kB         135 kB
├ ○ /faq                                               201 B           112 kB
├ ○ /governance                                        201 B           112 kB
├ ○ /how-it-works                                      2.41 kB         121 kB
├ ○ /market                                            7.64 kB         333 kB
├ ƒ /market/p/[id]                                     4.6 kB          361 kB
├ ○ /notifications                                     6.45 kB         132 kB
├ ● /projects/[slug]                                   7.13 kB         355 kB
├   ├ /projects/heliofrost-pro
├   ├ /projects/aeropulse-m2-lidar
├   └ /projects/rigidgrip-cobot-gripper
├ ● /projects/[slug]/invest                            3.39 kB         346 kB
├   ├ /projects/heliofrost-pro/invest
├   ├ /projects/aeropulse-m2-lidar/invest
├   └ /projects/rigidgrip-cobot-gripper/invest
├ ● /projects/[slug]/milestones/[milestoneIndex]/vote  6.05 kB         349 kB
├   ├ /projects/heliofrost-pro/milestones/0/vote
├   ├ /projects/heliofrost-pro/milestones/1/vote
├   ├ /projects/heliofrost-pro/milestones/2/vote
├   └ [+6 more paths]
├ ○ /studio                                            201 B           112 kB
├ ● /studio/[slug]/milestones/[milestoneIndex]/submit  5.09 kB         350 kB
├   ├ /studio/heliofrost-pro/milestones/0/submit
├   ├ /studio/heliofrost-pro/milestones/1/submit
├   ├ /studio/heliofrost-pro/milestones/2/submit
├   └ [+6 more paths]
├ ○ /studio/control                                    8.25 kB         354 kB
├ ○ /studio/new                                        2.48 kB         385 kB
├ ○ /support                                           201 B           112 kB
└ ○ /terms                                             201 B           112 kB
+ First Load JS shared by all                          108 kB
  ├ chunks/12869c6e-45503dc7cc27695c.js                53 kB
  ├ chunks/3435-225a1950497b9479.js                    50.7 kB
  └ other shared chunks (total)                        4.5 kB


○  (Static)   prerendered as static content
●  (SSG)      prerendered as static HTML (uses generateStaticParams)
ƒ  (Dynamic)  server-rendered on demand

