$ next dev
   ▲ Next.js 15.1.3
   - Local:        http://localhost:3000
   - Network:      http://172.29.96.1:3000
   - Environments: .env.local

 ✓ Starting...
 ✓ Ready in 16.2s
 ○ Compiling /projects/[slug] ...
 ✓ Compiled /projects/[slug] in 43.4s (9608 modules)
 GET /projects/heliofrost-pro 200 in 10951ms
 ○ Compiling /projects/[slug]/milestones/[milestoneIndex]/vote ...
 ✓ Compiled /projects/[slug]/milestones/[milestoneIndex]/vote in 8s (9613 modules)
 GET /projects/heliofrost-pro/milestones/2/vote 200 in 10205ms
 GET /projects/heliofrost-pro 200 in 268ms
 GET /projects/heliofrost-pro/milestones/2/vote 200 in 106ms
 ○ Compiling /projects/[slug]/invest ...
 ✓ Compiled /projects/[slug]/invest in 5.1s (9609 modules)
 GET /projects/heliofrost-pro/invest 200 in 7629ms
 ○ Compiling /studio/[slug]/milestones/[milestoneIndex]/submit ...
 ✓ Compiled /studio/[slug]/milestones/[milestoneIndex]/submit in 4.1s (9620 modules)
 GET /studio/heliofrost-pro/milestones/2/submit 200 in 6308ms
 ○ Compiling /studio/control ...
 ✓ Compiled /studio/control in 4.3s (9627 modules)
 GET /studio/control 200 in 5172ms
 ○ Compiling /account ...
 ✓ Compiled /account in 3.5s (9634 modules)
 GET /account 200 in 4465ms
 GET /projects/heliofrost-pro 200 in 515ms
 HEAD /projects/heliofrost-pro 200 in 118ms
 ○ Compiling /market ...
 ✓ Compiled /market in 6.2s (9616 modules)
 GET /market 200 in 6410ms
 ○ Compiling /market/[ticker] ...
 ✓ Compiled /market/[ticker] in 3.3s (9629 modules)
 GET /market/hp 200 in 4582ms
 ○ Compiling / ...
 ✓ Compiled / in 13.8s (9649 modules)
 GET / 200 in 7277ms
 ○ Compiling /explore ...
 ✓ Compiled /explore in 3.8s (9662 modules)
 GET /explore 200 in 4629ms
 GET /market 200 in 81ms
 GET /market/hp 200 in 138ms
 GET /market/hp 200 in 185ms
 HEAD /market/hp 200 in 106ms
 GET / 200 in 259ms
 HEAD / 200 in 80ms
 ○ Compiling /projects/[slug]/milestones/[milestoneIndex]/vote ...
 ✓ Compiled /projects/[slug]/milestones/[milestoneIndex]/vote in 4.8s (5170 modules)
 GET /projects/heliofrost-pro/milestones/2/vote 200 in 5961ms
 HEAD /projects/heliofrost-pro/milestones/2/vote 200 in 92ms
 GET /projects/heliofrost-pro 200 in 222ms
 HEAD /projects/heliofrost-pro 200 in 108ms
 ○ Compiling /studio/[slug]/milestones/[milestoneIndex]/submit ...
 ✓ Compiled /studio/[slug]/milestones/[milestoneIndex]/submit in 4.4s (5176 modules)
 GET /studio/heliofrost-pro/milestones/2/submit 200 in 4741ms
 GET /market/hp 200 in 101ms
 GET /studio/heliofrost-pro/milestones/2/submit 200 in 116ms
 ⚠ Fast Refresh had to perform a full reload when (app-pages-browser)/../shared/src/contracts/MilestoneEscrow.ts changed. Read more: https://nextjs.org/docs/messages/fast-refresh-reload
 ✓ Compiled in 23.7s (9672 modules)
 GET /market/hp 200 in 6579ms
 GET /market/hp 200 in 1403ms
 HEAD /market/hp 200 in 184ms
   Reload env: .env.local
 ✓ Compiled in 11.4s (9672 modules)
 GET /market/hp 200 in 491ms
 ✓ Compiled in 3.6s (4502 modules)
 GET /market/hp 200 in 1896ms
 ✓ Compiled in 4.1s (4502 modules)
 GET /market/hp 200 in 83ms
 ✓ Compiled in 12.5s (9672 modules)
 GET /market/hp 200 in 1121ms
 ✓ Compiled in 3.8s (4502 modules)
 GET /market/hp 200 in 383ms
 ✓ Compiled in 36s (9672 modules)
 GET /market/hp 200 in 1077ms
 ✓ Compiled in 4.8s (9672 modules)
 ⚠ Fast Refresh had to perform a full reload. Read more: https://nextjs.org/docs/messages/fast-refresh-reload
 GET /market/hp 200 in 502ms
 ⨯ ReferenceError: eth is not defined
    at eth (src\lib\data\mock.ts:166:16)
    at (ssr)/./src/lib/data/mock.ts (C:\Users\fred\Documents\GitHub\ProtoRWA\frontend\.next\server\app\(marketing)\market\[ticker]\page.js:586:1)
    at __webpack_require__ (C:\Users\fred\Documents\GitHub\ProtoRWA\frontend\.next\server\webpack-runtime.js:33:43)
    at eval (webpack-internal:///(ssr)/./src/app/(marketing)/market/[ticker]/page.tsx:20:73)
    at (ssr)/./src/app/(marketing)/market/[ticker]/page.tsx (C:\Users\fred\Documents\GitHub\ProtoRWA\frontend\.next\server\app\(marketing)\market\[ticker]\page.js:421:1)
    at Object.__webpack_require__ [as require] (C:\Users\fred\Documents\GitHub\ProtoRWA\frontend\.next\server\webpack-runtime.js:33:43)
    at JSON.parse (<anonymous>)
  164 |     galleryCids: [],
  165 |     pitchVideoCid: null,
> 166 |     claimPrice: eth(0.01),
      |                ^
  167 |     totalClaims: '10000',
  168 |     claimsCommitted: '10000',
  169 |     claimTokenId: '1', {
  digest: '1115301072'
}
 GET /market/hp 500 in 2524ms
 ✓ Compiled in 10.4s (9672 modules)
 ⚠ Fast Refresh had to perform a full reload due to a runtime error.
 GET /market/hp 200 in 2310ms
 HEAD /market/hp 200 in 226ms
 ✓ Compiled in 8.3s (9672 modules)
 GET /market/hp 200 in 318ms
 ✓ Compiled in 8.5s (9672 modules)
 GET /market/hp 200 in 296ms
 ✓ Compiled in 8.6s (9672 modules)
 GET /market/hp 200 in 470ms
 ✓ Compiled in 3.4s (4502 modules)
 GET /market/hp 200 in 1825ms
 ✓ Compiled in 3.6s (4502 modules)
 GET /market/hp 200 in 59ms
 ✓ Compiled in 2.5s (4502 modules)
 GET /market/hp 200 in 344ms
 ✓ Compiled in 1929ms (4502 modules)
 GET /market/hp 200 in 75ms
 ✓ Compiled in 2.3s (4502 modules)
 GET /market/hp 200 in 631ms
 ✓ Compiled in 8s (4502 modules)
 GET /market/hp 200 in 10893ms
 ✓ Compiled in 4.6s (4502 modules)
 GET /market/hp 200 in 104ms
 ✓ Compiled in 2.9s (4502 modules)
 GET /market/hp 200 in 716ms
 ✓ Compiled in 3.9s (4502 modules)
 GET /market/hp 200 in 260ms
 ✓ Compiled in 3.1s (4502 modules)
 GET /market/hp 200 in 371ms
 ✓ Compiled in 5.1s (4502 modules)
 GET /market/hp 200 in 93ms
 ✓ Compiled in 4.5s (4502 modules)
 GET /market/hp 200 in 462ms
 ✓ Compiled in 14.5s (4502 modules)
 GET /market/hp 200 in 3883ms
 ✓ Compiled in 164s (9672 modules)
 GET /market/hp 200 in 911ms
 ✓ Compiled in 60.3s (9672 modules)
 ✓ Compiled in 13.5s (9672 modules)
 GET /market/hp 200 in 12047ms
 GET /market/hp 200 in 55ms
 ✓ Compiled in 66.3s (9672 modules)
 GET /market/hp 200 in 787ms
 ✓ Compiled in 58.1s (9672 modules)
 GET /market/hp 200 in 2294ms
 ✓ Compiled in 44.1s (9672 modules)
 GET /market/hp 200 in 285ms
 ✓ Compiled in 7.8s (9672 modules)
 GET /market/hp 200 in 429ms
 ✓ Compiled in 8.1s (9672 modules)
 GET /market/hp 200 in 1009ms
 ✓ Compiled in 8.5s (9672 modules)
 GET /market/hp 200 in 277ms
 ✓ Compiled in 6.4s (9672 modules)
 GET /market/hp 200 in 273ms
 ✓ Compiled in 5.9s (9672 modules)
 GET /market/hp 200 in 255ms
 ✓ Compiled in 6.4s (9672 modules)
 GET /market/hp 200 in 225ms
 ✓ Compiled in 3.1s (4502 modules)
 GET /market/hp 200 in 157ms
 ✓ Compiled in 7s (4502 modules)
 GET /market/hp 200 in 2805ms
 ✓ Compiled in 5.7s (4502 modules)
 GET /market/hp 200 in 185ms
 ✓ Compiled in 3.3s (4502 modules)
 GET /market/hp 200 in 399ms
 ✓ Compiled in 3.1s (4502 modules)
 GET /market/hp 200 in 606ms
 ✓ Compiled in 3.1s (4502 modules)
 GET /market/hp 200 in 130ms
 ✓ Compiled in 2.9s (4502 modules)
 GET /market/hp 200 in 596ms
 ✓ Compiled in 2.9s (4502 modules)
 GET /market/hp 200 in 82ms
 ✓ Compiled in 2s (4502 modules)
 GET /market/hp 200 in 528ms
 ✓ Compiled in 2.6s (4502 modules)
 GET /market/hp 200 in 143ms
 ✓ Compiled in 2.4s (4502 modules)
 GET /market/hp 200 in 431ms
 ✓ Compiled in 2s (4502 modules)
 GET /market/hp 200 in 47ms
 ✓ Compiled in 19.7s (9672 modules)
 GET /market/hp 200 in 526ms
 ✓ Compiled in 7.6s (9672 modules)
 GET /market/hp 200 in 601ms
 ✓ Compiled in 7.2s (9672 modules)
 GET /market/hp 200 in 308ms
 ✓ Compiled in 4.6s (4502 modules)
 GET /market/hp 200 in 85ms
 ✓ Compiled in 2.8s (4502 modules)
 GET /market/hp 200 in 107ms
 ✓ Compiled in 2.2s (4502 modules)
 GET /market/hp 200 in 102ms
 ✓ Compiled in 2.9s (4502 modules)
 GET /market/hp 200 in 477ms
 ✓ Compiled in 2.7s (4502 modules)
 GET /market/hp 200 in 72ms
 ✓ Compiled in 2.6s (4502 modules)
 GET /market/hp 200 in 86ms
 ✓ Compiled in 2.5s (4502 modules)
 GET /market/hp 200 in 90ms
 ✓ Compiled in 2.2s (4502 modules)
 GET /market/hp 200 in 470ms
 ✓ Compiled in 2.9s (4502 modules)
 GET /market/hp 200 in 73ms
 ✓ Compiled in 10.7s (9672 modules)
 GET /market/hp 200 in 277ms
 ✓ Compiled in 5s (9672 modules)
 GET /market/hp 200 in 1271ms
 ✓ Compiled in 2.4s (4502 modules)
 GET /market/hp 200 in 77ms
 ✓ Compiled in 2.2s (4502 modules)
 GET /market/hp 200 in 607ms
 ✓ Compiled in 2.3s (4502 modules)
 GET /market/hp 200 in 64ms
 ✓ Compiled in 2.6s (4502 modules)
 GET /market/hp 200 in 56ms
 ✓ Compiled in 9.2s (9672 modules)
 GET /market/hp 200 in 172ms
 ✓ Compiled in 7.7s (9672 modules)
 GET /market/hp 200 in 208ms
 ✓ Compiled in 3.3s (4502 modules)
 GET /market/hp 200 in 457ms
 ✓ Compiled in 2s (4502 modules)
 GET /market/hp 200 in 112ms
 ✓ Compiled in 2.4s (4502 modules)
 GET /market/hp 200 in 120ms
 ✓ Compiled in 4.4s (4502 modules)
 GET /market/hp 200 in 440ms
 ✓ Compiled in 2.4s (4502 modules)
 GET /market/hp 200 in 133ms
 ✓ Compiled in 8s (9672 modules)
 GET /market/hp 200 in 243ms
 ✓ Compiled in 2.7s (4502 modules)
 GET /market/hp 200 in 890ms
 ✓ Compiled in 3.4s (4502 modules)
 GET /market/hp 200 in 55ms
 ✓ Compiled in 5.7s (9672 modules)
 GET /market/hp 200 in 299ms
 ✓ Compiled in 6.9s (4502 modules)
 GET /market/hp 200 in 201ms
 ✓ Compiled in 27.1s (9672 modules)
 GET /market/hp 200 in 332ms
 ✓ Compiled in 3.2s (4502 modules)
 GET /market/hp 200 in 165ms
 ✓ Compiled in 3.6s (4502 modules)
 GET /market/hp 200 in 194ms
 ✓ Compiled in 27.3s (9672 modules)
 GET /market/hp 200 in 429ms
 ✓ Compiled in 32.1s (9672 modules)
 GET /market/hp 200 in 344ms
 ✓ Compiled in 28.8s (9672 modules)
<w> [webpack.cache.PackFileCacheStrategy] Caching failed for pack: Error: EPERM: operation not permitted, rename 'C:\Users\fred\Documents\GitHub\ProtoRWA\frontend\.next\cache\webpack\client-development\7.pack.gz_' -> 'C:\Users\fred\Documents\GitHub\ProtoRWA\frontend\.next\cache\webpack\client-development\7.pack.gz'
 ✓ Compiled in 7.1s (9672 modules)
 ✓ Compiled in 9.9s (9658 modules)
<w> [webpack.cache.PackFileCacheStrategy] Caching failed for pack: Error: ENOENT: no such file or directory, rename 'C:\Users\fred\Documents\GitHub\ProtoRWA\frontend\.next\cache\webpack\client-development\0.pack.gz_' -> 'C:\Users\fred\Documents\GitHub\ProtoRWA\frontend\.next\cache\webpack\client-development\0.pack.gz'
 ✓ Compiled in 51.7s (9672 modules)
 ✓ Compiled in 5.2s (4502 modules)
 ✓ Compiled in 7.1s (4502 modules)
 ✓ Compiled in 7.3s (4502 modules)
 ✓ Compiled in 3.9s (4502 modules)
 ✓ Compiled in 3.4s (4502 modules)
 ✓ Compiled in 8.1s (4502 modules)
 ✓ Compiled in 3.3s (4502 modules)
 ✓ Compiled in 2.9s (4502 modules)
 ✓ Compiled in 2.9s (4502 modules)
 ✓ Compiled in 7s (4502 modules)
 ✓ Compiled in 3s (4502 modules)
 ✓ Compiled in 10.1s (9672 modules)
 ✓ Compiled in 10.7s (9674 modules)
 ✓ Compiled in 6.6s (4502 modules)
 ✓ Compiled in 3.4s (4502 modules)
 ✓ Compiled in 10.5s (9674 modules)
 ✓ Compiled in 5.7s (4502 modules)
 ✓ Compiled in 5.8s (4502 modules)
 ✓ Compiled in 3.2s (4502 modules)
 ✓ Compiled in 11s (9674 modules)
   Reload env: .env.local
 ✓ Compiled in 7.8s (9660 modules)
 ✓ Compiled in 3.2s (4502 modules)
 ✓ Compiled in 3.4s (4502 modules)
 ✓ Compiled in 67.1s (10114 modules)
 ✓ Compiled in 3.3s (4502 modules)
 ✓ Compiled in 3s (4502 modules)
 ✓ Compiled in 2.7s (4506 modules)
 ✓ Compiled in 15.2s (10118 modules)
 ✓ Compiled in 14.1s (10118 modules)
 ✓ Compiled in 6.8s (10118 modules)
 ✓ Compiled in 8.6s (10118 modules)
 ✓ Compiled in 12.6s (10118 modules)
 ✓ Compiled in 5.6s (4506 modules)
 ✓ Compiled in 2.4s (4506 modules)
 ✓ Compiled in 2.9s (4506 modules)
 ✓ Compiled in 2.1s (4506 modules)
 ✓ Compiled in 2.6s (4506 modules)
 ✓ Compiled in 2s (4506 modules)
 ✓ Compiled in 22.6s (10118 modules)
   Reload env: .env.local
 ✓ Compiled in 15.5s (10104 modules)
 ✓ Compiled in 3.9s (4506 modules)
 ✓ Compiled in 3s (4506 modules)
   Reload env: .env.local
 ✓ Compiled in 7.5s (10118 modules)
   Reload env: .env.local
 ✓ Compiled in 59.4s (10118 modules)
<w> [webpack.cache.PackFileCacheStrategy] Caching failed for pack: Error: ENOENT: no such file or directory, rename 'C:\Users\fred\Documents\GitHub\ProtoRWA\frontend\.next\cache\webpack\client-development\0.pack.gz_' -> 'C:\Users\fred\Documents\GitHub\ProtoRWA\frontend\.next\cache\webpack\client-development\0.pack.gz'
 ○ Compiling /_not-found ...
 ✓ Compiled /_not-found in 21.9s (10122 modules)
 GET / 404 in 46214ms
 ✓ Compiled in 29.6s (10118 modules)
 ✓ Compiled in 10s (10118 modules)
 ✓ Compiled in 7.1s (4506 modules)
 ✓ Compiled in 11.9s (10118 modules)
 ✓ Compiled in 5.9s (10118 modules)
 ✓ Compiled in 68.2s (4506 modules)
 ✓ Compiled in 13.2s (4506 modules)
 ✓ Compiled in 25.7s (10091 modules)
 ✓ Compiled in 6.2s (10105 modules)
 ✓ Compiled in 6.3s (4501 modules)
 ✓ Compiled in 12.8s (10106 modules)
 ✓ Compiled in 7.2s (4501 modules)
 ✓ Compiled in 3.8s (4501 modules)
 GET /market 200 in 5011ms
 ✓ Compiled in 9.8s (4501 modules)
 ✓ Compiled in 18.7s (10106 modules)
 ✓ Compiled in 23.5s (10106 modules)
 ✓ Compiled in 40.8s (10106 modules)
 ✓ Compiled in 11.4s (10106 modules)
 ✓ Compiled in 11s (10106 modules)
 ✓ Compiled in 9.1s (10106 modules)
 ✓ Compiled in 19.9s (10106 modules)
 ✓ Compiled in 27.7s (10106 modules)
 ✓ Compiled in 3.7s (4501 modules)
 ✓ Compiled in 9.3s (4501 modules)
 ✓ Compiled in 3.9s (4501 modules)
 ✓ Compiled in 3.6s (4501 modules)
 ✓ Compiled in 4s (4501 modules)
 ✓ Compiled in 27.5s (10106 modules)
 ✓ Compiled in 3.9s (4501 modules)
 ✓ Compiled in 4.5s (4501 modules)
 ✓ Compiled in 4.1s (4501 modules)
 ✓ Compiled in 4s (4501 modules)
 ○ Compiling /_not-found ...
 ✓ Compiled /_not-found in 20s (10110 modules)
 ✓ Compiled in 73.8s (10106 modules)
<w> [webpack.cache.PackFileCacheStrategy] Caching failed for pack: Error: ENOENT: no such file or directory, rename 'C:\Users\fred\Documents\GitHub\ProtoRWA\frontend\.next\cache\webpack\client-development\0.pack.gz_' -> 'C:\Users\fred\Documents\GitHub\ProtoRWA\frontend\.next\cache\webpack\client-development\0.pack.gz'
 ✓ Compiled in 78.3s (10106 modules)
 ✓ Compiled in 25.8s (10106 modules)
 ✓ Compiled in 18.6s (10106 modules)
 ✓ Compiled in 46.2s (10106 modules)
 ✓ Compiled in 76.2s (10106 modules)
 ○ Compiling /explore ...
 ✓ Compiled /explore in 18.3s (10099 modules)
 GET /explore 200 in 3011ms
 GET /explore 200 in 123ms
 GET /explore 200 in 200ms
 HEAD /explore 200 in 89ms
 GET /projects/voltpack-240-portable-power-station-2 200 in 8589ms
 GET /explore 200 in 4691ms
 HEAD /explore 200 in 111ms
 ✓ Compiled in 18.5s (10105 modules)
 GET /explore 200 in 1747ms
 GET /explore 200 in 1747ms
 GET / 200 in 196ms
 ✓ Compiled in 7.6s (10105 modules)
 GET /explore 200 in 1978ms
 GET / 200 in 2754ms
 ✓ Compiled in 7.5s (10105 modules)
 GET /explore 200 in 379ms
 GET / 200 in 402ms
 ✓ Compiled in 3.2s (4498 modules)
 GET / 200 in 352ms
 GET /explore 200 in 208ms
 ✓ Compiled in 2.9s (4498 modules)
 GET / 200 in 275ms
 GET /explore 200 in 175ms
 ✓ Compiled in 3.1s (4498 modules)
 GET / 200 in 304ms
 GET /explore 200 in 188ms
 GET /market 200 in 67ms
 ✓ Compiled in 3.3s (4498 modules)
 GET /market 200 in 182ms
 GET /explore 200 in 190ms
 ○ Compiling /market/p/[id] ...
 ✓ Compiled /market/p/[id] in 14.2s (10105 modules)
 GET /market/p/rigidgrip-cobot-gripper 200 in 34105ms
 GET /market/p/rigidgrip-cobot-gripper 200 in 3854ms
 GET /market/p/rigidgrip-cobot-gripper 200 in 3855ms
 GET /market/p/heliofrost-pro 200 in 3374ms
 GET /market 200 in 4674ms
 ○ Compiling /governance ...
 ✓ Compiled /governance in 14.4s (10111 modules)
 GET /governance 200 in 14848ms
 GET /projects/heliofrost-pro/milestones/2/vote 200 in 96ms
 ○ Compiling /projects/[slug] ...
 ✓ Compiled /account in 12.2s (5609 modules)
 ✓ Compiled in 5ms (5614 modules)
 ✓ Compiled in 0ms (5614 modules)
 ✓ Compiled in 1ms (5614 modules)
 GET /account 200 in 19281ms
 GET /explore 200 in 17155ms
 GET /account 200 in 75ms
 GET /explore 200 in 69ms
 GET /account 200 in 43ms
 ⨯ TypeError: Cannot read properties of undefined (reading 'call')
    at Object.__webpack_require__ [as require] (C:\Users\fred\Documents\GitHub\ProtoRWA\frontend\.next\server\webpack-runtime.js:33:43) {
  digest: '3129612167'
}
 GET /projects/aeropulse-m2-lidar 500 in 33271ms
 GET /projects/heliofrost-pro 200 in 785ms
 GET /projects/rigidgrip-cobot-gripper 200 in 151ms
 GET /projects/aeropulse-m2-lidar 200 in 4087ms
 HEAD /projects/aeropulse-m2-lidar 200 in 118ms
 GET /projects/aeropulse-m2-lidar 200 in 168ms
 HEAD /projects/aeropulse-m2-lidar 200 in 163ms
 GET /projects/heliofrost-pro 200 in 3631ms
 HEAD /projects/heliofrost-pro 200 in 180ms
 ✓ Compiled in 200.2s (10104 modules)
 GET /account 200 in 471ms
 GET /projects/heliofrost-pro 200 in 8930ms
 ✓ Compiled in 23.2s (4504 modules)
 GET /account 200 in 1201ms
 GET /projects/heliofrost-pro 200 in 4127ms
 ✓ Compiled in 5.1s (4504 modules)
 GET /account 200 in 170ms
 ✓ Compiled in 6.3s (4504 modules)
 GET /account 200 in 1047ms
 ✓ Compiled in 6.8s (4504 modules)
 GET /account 200 in 77ms
 GET /projects/heliofrost-pro 200 in 8326ms
 GET /projects/heliofrost-pro 200 in 302ms
 GET /projects/heliofrost-pro 200 in 195ms
 ✓ Compiled in 13.3s (4504 modules)
 GET /account 200 in 84ms
 GET /projects/heliofrost-pro 200 in 2464ms
 ✓ Compiled in 12.2s (4504 modules)
 GET /account 200 in 870ms
 ✓ Compiled in 3.5s (4504 modules)
 GET /account 200 in 155ms
 GET /projects/heliofrost-pro 200 in 4661ms
 GET /projects/heliofrost-pro 200 in 179ms
 ✓ Compiled in 15.5s (4504 modules)
 GET /account 200 in 495ms
 GET /projects/heliofrost-pro 200 in 3512ms
 ⨯ ./src/app/(marketing)/studio/[slug]/milestones/[milestoneIndex]/submit/page.tsx
Error:   [31mx[0m You are attempting to export "generateMetadata" from a component marked with "use client", which is disallowed. Either remove the export, or the "use client" directive. Read more: https://
  [31m|[0m nextjs.org/docs/app/api-reference/directives/use-client
  [31m|[0m 
  [31m|[0m 
    ,-[[36;1;4mC:\Users\fred\Documents\GitHub\ProtoRWA\frontend\src\app\(marketing)\studio\[slug]\milestones\[milestoneIndex]\submit\page.tsx[0m:25:1]
 [2m22[0m |   );
 [2m23[0m | }
 [2m24[0m | 
 [2m25[0m | export async function generateMetadata({ params }: PageProps): Promise<Metadata> {
    : [35;1m                      ^^^^^^^^^^^^^^^^[0m
 [2m26[0m |   const { slug, milestoneIndex } = await params;
 [2m27[0m |   const project = await getProjectBySlug(slug);
 [2m27[0m |   const milestone = project?.milestones[Number(milestoneIndex)];
    `----

Import trace for requested module:
./src/app/(marketing)/studio/[slug]/milestones/[milestoneIndex]/submit/page.tsx
 ⨯ ./src/app/(marketing)/studio/[slug]/milestones/[milestoneIndex]/submit/page.tsx
Error:   [31mx[0m You are attempting to export "generateMetadata" from a component marked with "use client", which is disallowed. Either remove the export, or the "use client" directive. Read more: https://
  [31m|[0m nextjs.org/docs/app/api-reference/directives/use-client
  [31m|[0m 
  [31m|[0m 
    ,-[[36;1;4mC:\Users\fred\Documents\GitHub\ProtoRWA\frontend\src\app\(marketing)\studio\[slug]\milestones\[milestoneIndex]\submit\page.tsx[0m:25:1]
 [2m22[0m |   );
 [2m23[0m | }
 [2m24[0m | 
 [2m25[0m | export async function generateMetadata({ params }: PageProps): Promise<Metadata> {
    : [35;1m                      ^^^^^^^^^^^^^^^^[0m
 [2m26[0m |   const { slug, milestoneIndex } = await params;
 [2m27[0m |   const project = await getProjectBySlug(slug);
 [2m27[0m |   const milestone = project?.milestones[Number(milestoneIndex)];
    `----

Import trace for requested module:
./src/app/(marketing)/studio/[slug]/milestones/[milestoneIndex]/submit/page.tsx
 ⨯ ./src/app/(marketing)/studio/[slug]/milestones/[milestoneIndex]/submit/page.tsx
Error:   [31mx[0m You are attempting to export "generateMetadata" from a component marked with "use client", which is disallowed. Either remove the export, or the "use client" directive. Read more: https://
  [31m|[0m nextjs.org/docs/app/api-reference/directives/use-client
  [31m|[0m 
  [31m|[0m 
    ,-[[36;1;4mC:\Users\fred\Documents\GitHub\ProtoRWA\frontend\src\app\(marketing)\studio\[slug]\milestones\[milestoneIndex]\submit\page.tsx[0m:25:1]
 [2m22[0m |   );
 [2m23[0m | }
 [2m24[0m | 
 [2m25[0m | export async function generateMetadata({ params }: PageProps): Promise<Metadata> {
    : [35;1m                      ^^^^^^^^^^^^^^^^[0m
 [2m26[0m |   const { slug, milestoneIndex } = await params;
 [2m27[0m |   const project = await getProjectBySlug(slug);
 [2m27[0m |   const milestone = project?.milestones[Number(milestoneIndex)];
    `----

Import trace for requested module:
./src/app/(marketing)/studio/[slug]/milestones/[milestoneIndex]/submit/page.tsx
 ⨯ ./src/app/(marketing)/studio/[slug]/milestones/[milestoneIndex]/submit/page.tsx
Error:   [31mx[0m You are attempting to export "generateMetadata" from a component marked with "use client", which is disallowed. Either remove the export, or the "use client" directive. Read more: https://
  [31m|[0m nextjs.org/docs/app/api-reference/directives/use-client
  [31m|[0m 
  [31m|[0m 
    ,-[[36;1;4mC:\Users\fred\Documents\GitHub\ProtoRWA\frontend\src\app\(marketing)\studio\[slug]\milestones\[milestoneIndex]\submit\page.tsx[0m:25:1]
 [2m22[0m |   );
 [2m23[0m | }
 [2m24[0m | 
 [2m25[0m | export async function generateMetadata({ params }: PageProps): Promise<Metadata> {
    : [35;1m                      ^^^^^^^^^^^^^^^^[0m
 [2m26[0m |   const { slug, milestoneIndex } = await params;
 [2m27[0m |   const project = await getProjectBySlug(slug);
 [2m27[0m |   const milestone = project?.milestones[Number(milestoneIndex)];
    `----

Import trace for requested module:
./src/app/(marketing)/studio/[slug]/milestones/[milestoneIndex]/submit/page.tsx
 ⨯ ./src/app/(marketing)/studio/[slug]/milestones/[milestoneIndex]/submit/page.tsx
Error:   [31mx[0m You are attempting to export "generateMetadata" from a component marked with "use client", which is disallowed. Either remove the export, or the "use client" directive. Read more: https://
  [31m|[0m nextjs.org/docs/app/api-reference/directives/use-client
  [31m|[0m 
  [31m|[0m 
    ,-[[36;1;4mC:\Users\fred\Documents\GitHub\ProtoRWA\frontend\src\app\(marketing)\studio\[slug]\milestones\[milestoneIndex]\submit\page.tsx[0m:25:1]
 [2m22[0m |   );
 [2m23[0m | }
 [2m24[0m | 
 [2m25[0m | export async function generateMetadata({ params }: PageProps): Promise<Metadata> {
    : [35;1m                      ^^^^^^^^^^^^^^^^[0m
 [2m26[0m |   const { slug, milestoneIndex } = await params;
 [2m27[0m |   const project = await getProjectBySlug(slug);
 [2m27[0m |   const milestone = project?.milestones[Number(milestoneIndex)];
    `----

Import trace for requested module:
./src/app/(marketing)/studio/[slug]/milestones/[milestoneIndex]/submit/page.tsx
[?25h
